src/components/AIChat.tsx(3,39): error TS6133: 'User' is declared but its value is never read.
src/components/AIChat.tsx(4,44): error TS2307: Cannot find module '../services/gemini' or its corresponding type declarations.
src/components/ApartmentCard.tsx(118,59): error TS2322: Type '{ className: string; title: string; }' is not assignable to type 'IntrinsicAttributes & LucideProps'.
  Property 'title' does not exist on type 'IntrinsicAttributes & LucideProps'.
src/components/ApartmentCard.tsx(119,59): error TS2322: Type '{ className: string; title: string; }' is not assignable to type 'IntrinsicAttributes & LucideProps'.
  Property 'title' does not exist on type 'IntrinsicAttributes & LucideProps'.
src/components/AuthModal.tsx(27,33): error TS18047: 'supabase' is possibly 'null'.
src/components/AuthModal.tsx(31,33): error TS18047: 'supabase' is possibly 'null'.
src/components/ConfirmSendPanel.tsx(4,23): error TS6133: 'MessageSquare' is declared but its value is never read.
src/components/RoomNumberGate.tsx(3,1): error TS6133: 'HOTEL_CONFIG' is declared but its value is never read.
src/index.tsx(1,1): error TS6133: 'React' is declared but its value is never read.
src/pages/dashboard/ceo/CeoStaffAdmin.tsx(5,16): error TS6133: 'UserX' is declared but its value is never read.
src/pages/dashboard/ceo/CeoStaffAdmin.tsx(41,43): error TS18047: 'supabase' is possibly 'null'.
src/pages/dashboard/ceo/CeoStaffAdmin.tsx(61,43): error TS18047: 'supabase' is possibly 'null'.
src/pages/dashboard/ceo/CeoStaffAdmin.tsx(89,37): error TS18047: 'supabase' is possibly 'null'.
src/pages/dashboard/ceo/CeoStaffAdmin.tsx(105,37): error TS18047: 'supabase' is possibly 'null'.
src/pages/dashboard/guesthub/useGuestHub.ts(1,1): error TS6133: 'React' is declared but its value is never read.
src/pages/HotelLanding.tsx(7,37): error TS6133: 'MessageSquare' is declared but its value is never read.
src/pages/HotelLanding.tsx(7,141): error TS6133: 'ShieldCheck' is declared but its value is never read.
src/pages/public/BarPublic.tsx(32,11): error TS6133: 'removeFromCart' is declared but its value is never read.
src/pages/public/RestaurantPublic.tsx(32,11): error TS6133: 'removeFromCart' is declared but its value is never read.
src/pages/staff/DepartmentDashboard.tsx(4,29): error TS6133: 'Circle' is declared but its value is never read.
src/pages/staff/DepartmentDashboard.tsx(203,98): error TS2339: Property 'message' does not exist on type 'Notification'.
src/services/auth.ts(4,33): error TS18047: 'supabase' is possibly 'null'.
src/services/auth.ts(11,58): error TS18047: 'supabase' is possibly 'null'.
src/services/auth.ts(23,41): error TS18047: 'supabase' is possibly 'null'.
src/services/auth.ts(38,33): error TS18047: 'supabase' is possibly 'null'.
src/services/auth.ts(44,9): error TS18047: 'supabase' is possibly 'null'.
src/services/auth.ts(48,26): error TS18047: 'supabase' is possibly 'null'.
src/services/customers.ts(13,15): error TS18047: 'supabase' is possibly 'null'.
src/services/customers.ts(31,55): error TS18047: 'supabase' is possibly 'null'.
src/store/sessionStore.ts(21,28): error TS18047: 'supabase' is possibly 'null'.
src/store/sessionStore.ts(29,37): error TS18047: 'supabase' is possibly 'null'.
